2026-08-03 00:00:05 INFO  o.s.b.d.a.LocalDevToolsAutoConfiguration$RestartingClassPathChangeChangedEventListener - Restarting due to 1 class path change (0 additions, 0 deletions, 1 modification)
2026-08-03 00:00:05 INFO  o.s.boot.tomcat.GracefulShutdown - Commencing graceful shutdown. Waiting for active requests to complete
2026-08-03 00:00:05 INFO  o.s.boot.tomcat.GracefulShutdown - Graceful shutdown complete
2026-08-03 00:00:05 INFO  o.s.o.j.LocalContainerEntityManagerFactoryBean - Closing JPA EntityManagerFactory for persistence unit 'default'
2026-08-03 00:00:05 INFO  com.zaxxer.hikari.HikariDataSource - HikariPool-2 - Shutdown initiated...
2026-08-03 00:00:05 INFO  com.zaxxer.hikari.HikariDataSource - HikariPool-2 - Shutdown completed.
2026-08-03 00:00:05 INFO  c.e.d.VehicleConfiguratorApplication - Starting VehicleConfiguratorApplication using Java 17.0.7 with PID 33120 (C:\Users\onkar\Desktop\v-Config Project\Vehicle-Configurator-System_v1\backend\java\Vehicle_Configurator\target\classes started by onkar in C:\Users\onkar\Desktop\v-Config Project\Vehicle-Configurator-System_v1\backend\java\Vehicle_Configurator)
2026-08-03 00:00:05 INFO  c.e.d.VehicleConfiguratorApplication - No active profile set, falling back to 1 default profile: "default"
2026-08-03 00:00:05 INFO  o.s.d.r.c.RepositoryConfigurationDelegate - Bootstrapping Spring Data JPA repositories in DEFAULT mode.
2026-08-03 00:00:05 INFO  o.s.d.r.c.RepositoryConfigurationDelegate - Finished Spring Data repository scanning in 64 ms. Found 10 JPA repository interfaces.
2026-08-03 00:00:05 INFO  o.s.boot.tomcat.TomcatWebServer - Tomcat initialized with port 8080 (http)
2026-08-03 00:00:05 INFO  o.a.catalina.core.StandardService - Starting service [Tomcat]
2026-08-03 00:00:05 INFO  o.a.catalina.core.StandardEngine - Starting Servlet engine: [Apache Tomcat/11.0.22]
2026-08-03 00:00:06 INFO  o.s.b.w.c.s.WebApplicationContextInitializer - Root WebApplicationContext: initialization completed in 570 ms
2026-08-03 00:00:06 INFO  org.hibernate.orm.jpa - HHH008540: Processing PersistenceUnitInfo [name: default]
2026-08-03 00:00:06 INFO  o.s.o.j.p.SpringPersistenceUnitInfo - No LoadTimeWeaver setup: ignoring JPA class transformer
2026-08-03 00:00:06 INFO  com.zaxxer.hikari.HikariDataSource - HikariPool-3 - Starting...
2026-08-03 00:00:06 INFO  com.zaxxer.hikari.pool.HikariPool - HikariPool-3 - Added connection com.mysql.cj.jdbc.ConnectionImpl@2abac537
2026-08-03 00:00:06 INFO  com.zaxxer.hikari.HikariDataSource - HikariPool-3 - Start completed.
2026-08-03 00:00:06 WARN  org.hibernate.orm.deprecation - HHH90000025: MySQLDialect does not need to be specified explicitly using 'hibernate.dialect' (remove the property setting and it will be selected by default)
2026-08-03 00:00:06 INFO  o.hibernate.orm.connections.pooling - HHH10001005: Database info:
	Database JDBC URL [jdbc:mysql://localhost:3306/vconfig]
	Database driver: MySQL Connector/J
	Database dialect: MySQLDialect
	Database version: 8.0.39
	Default catalog/schema: vconfig/undefined
	Autocommit mode: undefined/unknown
	Isolation level: REPEATABLE_READ [default REPEATABLE_READ]
	JDBC fetch size: none
	Pool: DataSourceConnectionProvider
	Minimum pool size: undefined/unknown
	Maximum pool size: undefined/unknown
2026-08-03 00:00:06 INFO  org.hibernate.orm.core - HHH000489: No JTA platform available (set 'hibernate.transaction.jta.platform' to enable JTA platform integration)
2026-08-03 00:00:06 INFO  o.s.o.j.LocalContainerEntityManagerFactoryBean - Initialized JPA EntityManagerFactory for persistence unit 'default'
2026-08-03 00:00:06 WARN  o.s.b.j.a.JpaBaseConfiguration$JpaWebConfiguration - spring.jpa.open-in-view is enabled by default. Therefore, database queries may be performed during view rendering. Explicitly configure spring.jpa.open-in-view to disable this warning
2026-08-03 00:00:06 INFO  o.s.s.c.a.a.c.InitializeUserDetailsBeanManagerConfigurer$InitializeUserDetailsManagerConfigurer - Global AuthenticationManager configured with UserDetailsService bean with name customUserDetailsService
2026-08-03 00:00:06 WARN  o.s.b.t.a.ThymeleafAutoConfiguration$DefaultTemplateResolverConfiguration - Cannot find template location: classpath:/templates/ (please add some templates, check your Thymeleaf configuration, or set spring.thymeleaf.check-template-location=false)
2026-08-03 00:00:06 INFO  o.s.boot.tomcat.TomcatWebServer - Tomcat started on port 8080 (http) with context path '/'
2026-08-03 00:00:06 INFO  c.e.d.VehicleConfiguratorApplication - Started VehicleConfiguratorApplication in 1.501 seconds (process running for 276.015)
2026-08-03 00:00:06 INFO  o.s.b.d.a.ConditionEvaluationDeltaLoggingListener - Condition evaluation unchanged
2026-08-03 00:00:48 INFO  o.s.b.d.a.LocalDevToolsAutoConfiguration$RestartingClassPathChangeChangedEventListener - Restarting due to 1 class path change (0 additions, 0 deletions, 1 modification)
2026-08-03 00:00:48 INFO  o.s.boot.tomcat.GracefulShutdown - Commencing graceful shutdown. Waiting for active requests to complete
2026-08-03 00:00:48 INFO  o.s.boot.tomcat.GracefulShutdown - Graceful shutdown complete
2026-08-03 00:00:48 INFO  o.s.o.j.LocalContainerEntityManagerFactoryBean - Closing JPA EntityManagerFactory for persistence unit 'default'
2026-08-03 00:00:48 INFO  com.zaxxer.hikari.HikariDataSource - HikariPool-3 - Shutdown initiated...
2026-08-03 00:00:48 INFO  com.zaxxer.hikari.HikariDataSource - HikariPool-3 - Shutdown completed.
2026-08-03 00:00:48 INFO  c.e.d.VehicleConfiguratorApplication - Starting VehicleConfiguratorApplication using Java 17.0.7 with PID 33120 (C:\Users\onkar\Desktop\v-Config Project\Vehicle-Configurator-System_v1\backend\java\Vehicle_Configurator\target\classes started by onkar in C:\Users\onkar\Desktop\v-Config Project\Vehicle-Configurator-System_v1\backend\java\Vehicle_Configurator)
2026-08-03 00:00:48 INFO  c.e.d.VehicleConfiguratorApplication - The following 1 profile is active: "dev"
2026-08-03 00:00:49 INFO  o.s.d.r.c.RepositoryConfigurationDelegate - Bootstrapping Spring Data JPA repositories in DEFAULT mode.
2026-08-03 00:00:49 INFO  o.s.d.r.c.RepositoryConfigurationDelegate - Finished Spring Data repository scanning in 38 ms. Found 10 JPA repository interfaces.
2026-08-03 00:00:49 INFO  o.s.boot.tomcat.TomcatWebServer - Tomcat initialized with port 8080 (http)
2026-08-03 00:00:49 INFO  o.a.catalina.core.StandardService - Starting service [Tomcat]
2026-08-03 00:00:49 INFO  o.a.catalina.core.StandardEngine - Starting Servlet engine: [Apache Tomcat/11.0.22]
2026-08-03 00:00:49 INFO  o.s.b.w.c.s.WebApplicationContextInitializer - Root WebApplicationContext: initialization completed in 410 ms
2026-08-03 00:00:49 INFO  org.hibernate.orm.jpa - HHH008540: Processing PersistenceUnitInfo [name: default]
2026-08-03 00:00:49 INFO  o.s.o.j.p.SpringPersistenceUnitInfo - No LoadTimeWeaver setup: ignoring JPA class transformer
2026-08-03 00:00:49 INFO  com.zaxxer.hikari.HikariDataSource - HikariPool-4 - Starting...
2026-08-03 00:00:49 INFO  com.zaxxer.hikari.pool.HikariPool - HikariPool-4 - Added connection com.mysql.cj.jdbc.ConnectionImpl@90d4bc3
2026-08-03 00:00:49 INFO  com.zaxxer.hikari.HikariDataSource - HikariPool-4 - Start completed.
2026-08-03 00:00:49 WARN  org.hibernate.orm.deprecation - HHH90000025: MySQLDialect does not need to be specified explicitly using 'hibernate.dialect' (remove the property setting and it will be selected by default)
2026-08-03 00:00:49 INFO  o.hibernate.orm.connections.pooling - HHH10001005: Database info:
	Database JDBC URL [jdbc:mysql://localhost:3306/vconfig]
	Database driver: MySQL Connector/J
	Database dialect: MySQLDialect
	Database version: 8.0.39
	Default catalog/schema: vconfig/undefined
	Autocommit mode: undefined/unknown
	Isolation level: REPEATABLE_READ [default REPEATABLE_READ]
	JDBC fetch size: none
	Pool: DataSourceConnectionProvider
	Minimum pool size: undefined/unknown
	Maximum pool size: undefined/unknown
2026-08-03 00:00:49 INFO  org.hibernate.orm.core - HHH000489: No JTA platform available (set 'hibernate.transaction.jta.platform' to enable JTA platform integration)
2026-08-03 00:00:49 INFO  o.s.o.j.LocalContainerEntityManagerFactoryBean - Initialized JPA EntityManagerFactory for persistence unit 'default'
2026-08-03 00:00:49 WARN  o.s.b.j.a.JpaBaseConfiguration$JpaWebConfiguration - spring.jpa.open-in-view is enabled by default. Therefore, database queries may be performed during view rendering. Explicitly configure spring.jpa.open-in-view to disable this warning
2026-08-03 00:00:50 INFO  o.s.s.c.a.a.c.InitializeUserDetailsBeanManagerConfigurer$InitializeUserDetailsManagerConfigurer - Global AuthenticationManager configured with UserDetailsService bean with name customUserDetailsService
2026-08-03 00:00:50 WARN  o.s.b.t.a.ThymeleafAutoConfiguration$DefaultTemplateResolverConfiguration - Cannot find template location: classpath:/templates/ (please add some templates, check your Thymeleaf configuration, or set spring.thymeleaf.check-template-location=false)
2026-08-03 00:00:50 INFO  o.s.boot.tomcat.TomcatWebServer - Tomcat started on port 8080 (http) with context path '/'
2026-08-03 00:00:50 INFO  c.e.d.VehicleConfiguratorApplication - Started VehicleConfiguratorApplication in 1.237 seconds (process running for 319.212)
2026-08-03 00:00:50 INFO  o.s.b.d.a.ConditionEvaluationDeltaLoggingListener - Condition evaluation unchanged
2026-08-03 00:01:09 INFO  o.a.c.c.C.[Tomcat].[localhost].[/] - Initializing Spring DispatcherServlet 'dispatcherServlet'
2026-08-03 00:01:09 INFO  o.s.web.servlet.DispatcherServlet - Initializing Servlet 'dispatcherServlet'
2026-08-03 00:01:09 INFO  o.s.web.servlet.DispatcherServlet - Completed initialization in 2 ms
2026-08-03 00:01:10 INFO  c.example.demo.services.UserService - Login attempt for email: onkarkhade19@gmail.com
2026-08-03 00:01:10 INFO  c.example.demo.services.UserService - Login successful for email: onkarkhade19@gmail.com
